//=====================================================
Exception code: E06D7363 
Fault address:  74CE4984 01:00163984 C:\WINDOWS\System32\KERNELBASE.dll

Registers:
EAX:001AC9F8
EBX:001AD848
ECX:00000003
EDX:00000000
ESI:001ACAC0
EDI:001ACAB8
CS:EIP:754C0023:74CE4984
SS:ESP:002B:001AC9F8  EBP:001ACA54
DS:AA00002B  ES:11CE002B  FS:C8B50053  GS:002B
Flags:00000212

Call stack:
Address   Frame
74CE4984  001ACA54  RaiseException+64
009AE550  001ACA90  _CxxThrowException+A0
004E4147  001ACAB0  _com_raise_error+37
004E3A54  001ACAF4  _com_issue_errorex+124
00449369  001ACB60  _Recordset15::GetRecordCount+39
00461121  001AD09C  cADO_ADMIN::spResetOperator+171
004C72DA  001AD0F4  CPAGE_USERSETTING::OnResetOper+6A
004FB071  001AD1C0  _AfxDispatchCmdMsg+E1
004FA9A2  001AD26C  CCmdTarget::OnCmdMsg+422
004FD834  001AD2E0  CDialog::OnCmdMsg+34
00547EE6  001AD374  CWnd::OnCommand+1F6
0054A029  001AD848  CWnd::OnWndMsg+C9
0054F5AD  001AD888  CWnd::WindowProc+6D
0053F8C7  001AD944  AfxCallWndProc+167
00540975  001AD968  AfxWndProc+B5
75659773  001AD994  Ordinal2713+7A3
7564892D  001ADA90  MsgWaitForMultipleObjectsEx+7CD
75649A8C  001ADB00  GetWindowLongW+104C
75660E08  001ADB24  SetWindowsHookExAW+2F8
756480F6  001ADB44  SendMessageW+46
75687ABA  001ADB68  LoadCursorFromFileW+1F2A
7568777B  001ADB98  LoadCursorFromFileW+1BEB
75686BE1  001ADC34  LoadCursorFromFileW+1051
75686072  001ADC60  LoadCursorFromFileW+4E2
75659773  001ADC8C  Ordinal2713+7A3
7564892D  001ADD88  MsgWaitForMultipleObjectsEx+7CD
756478FA  001ADE08  DispatchMessageW+4AA
7564D261  001ADE60  IsDialogMessageW+8A1
7569795C  001ADE90  IsDialogMessage+13C
0053CE74  001ADEB8  CWnd::IsDialogMessageA+B4
0054C89D  001ADECC  CWnd::PreTranslateInput+7D
00559589  001ADEF0  CPropertySheet::PreTranslateMessage+1B9
0054F24E  001ADF14  CWnd::WalkPreTranslateTree+CE
00500586  001ADF40  AfxInternalPreTranslateMessage+66
00501B2A  001ADF50  CWinThread::PreTranslateMessage+2A
005008AA  001ADF70  AfxPreTranslateMessage+5A
00500771  001ADFA4  AfxInternalPumpMessage+121
00501DD3  001ADFB0  CWinThread::PumpMessage+13
005009B9  001ADFC8  AfxPumpMessage+49
0054DB19  001AE008  CWnd::RunModalLoop+269
004FCD11  001AE020  CWnd::CreateRunDlgIndirect+71
004FCF7A  001AE0B4  CDialog::DoModal+21A
0043A2CD  001AFE78  CAdminToolApp::InitInstance+79D
0061BD61  001AFED0  AfxWinMain+D1
0057B948  001AFEE8  WinMain+18
004E2A0D  001AFF08  invoke_main+2D
004E2917  001AFF64  __scrt_common_main_seh+157
004E27BD  001AFF6C  __scrt_common_main+D
004E2A78  001AFF74  WinMainCRTStartup+8
76425D49  001AFF84  BaseThreadInitThunk+19
7779D83B  001AFFDC  RtlInitializeExceptionChain+6B
7779D7C1  001AFFEC  RtlGetAppContainerNamedObjectPath+231

//=====================================================
Exception code: C0000005 ACCESS_VIOLATION
Fault address:  0049F859 01:0009E859 C:\Users\seima\Desktop\rs_emu_sourcecode-main\server\AdminTool\AdminTool(Japan).exe

Registers:
EAX:01BDB9A8
EBX:001AD848
ECX:001AB928
EDX:0000AF03
ESI:001AD0FC
EDI:001AD0FC
CS:EIP:0023:0049F859
SS:ESP:002B:001AB478  EBP:001AB4D4
DS:002B  ES:002B  FS:0053  GS:002B
Flags:00010202

Call stack:
Address   Frame
0049F859  001AB4D4  cITEM::isHighLevelMagicOptionItem+79
004D245D  001AD0F4  CServerTool::OnExportUniqueItem+53D
004FB071  001AD1C0  _AfxDispatchCmdMsg+E1
004FA9A2  001AD26C  CCmdTarget::OnCmdMsg+422
004FD834  001AD2E0  CDialog::OnCmdMsg+34
00547EE6  001AD374  CWnd::OnCommand+1F6
0054A029  001AD848  CWnd::OnWndMsg+C9
0054F5AD  001AD888  CWnd::WindowProc+6D
0053F8C7  001AD944  AfxCallWndProc+167
00540975  001AD968  AfxWndProc+B5
75659773  001AD994  Ordinal2713+7A3
7564892D  001ADA90  MsgWaitForMultipleObjectsEx+7CD
75649A8C  001ADB00  GetWindowLongW+104C
75660E08  001ADB24  SetWindowsHookExAW+2F8
756480F6  001ADB44  SendMessageW+46
75687ABA  001ADB68  LoadCursorFromFileW+1F2A
7568777B  001ADB98  LoadCursorFromFileW+1BEB
75686BE1  001ADC34  LoadCursorFromFileW+1051
75686072  001ADC60  LoadCursorFromFileW+4E2
75659773  001ADC8C  Ordinal2713+7A3
7564892D  001ADD88  MsgWaitForMultipleObjectsEx+7CD
756478FA  001ADE08  DispatchMessageW+4AA
7564D261  001ADE60  IsDialogMessageW+8A1
7569795C  001ADE90  IsDialogMessage+13C
0053CE74  001ADEB8  CWnd::IsDialogMessageA+B4
0054C89D  001ADECC  CWnd::PreTranslateInput+7D
00559589  001ADEF0  CPropertySheet::PreTranslateMessage+1B9
0054F24E  001ADF14  CWnd::WalkPreTranslateTree+CE
00500586  001ADF40  AfxInternalPreTranslateMessage+66
00501B2A  001ADF50  CWinThread::PreTranslateMessage+2A
005008AA  001ADF70  AfxPreTranslateMessage+5A
00500771  001ADFA4  AfxInternalPumpMessage+121
00501DD3  001ADFB0  CWinThread::PumpMessage+13
005009B9  001ADFC8  AfxPumpMessage+49
0054DB19  001AE008  CWnd::RunModalLoop+269
004FCD11  001AE020  CWnd::CreateRunDlgIndirect+71
004FCF7A  001AE0B4  CDialog::DoModal+21A
0043A2CD  001AFE78  CAdminToolApp::InitInstance+79D
0061BD61  001AFED0  AfxWinMain+D1
0057B948  001AFEE8  WinMain+18
004E2A0D  001AFF08  invoke_main+2D
004E2917  001AFF64  __scrt_common_main_seh+157
004E27BD  001AFF6C  __scrt_common_main+D
004E2A78  001AFF74  WinMainCRTStartup+8
76425D49  001AFF84  BaseThreadInitThunk+19
7779D83B  001AFFDC  RtlInitializeExceptionChain+6B
7779D7C1  001AFFEC  RtlGetAppContainerNamedObjectPath+231

//=====================================================
Exception code: C0000005 ACCESS_VIOLATION
Fault address:  0049F859 01:0009E859 C:\Users\seima\Desktop\rs_emu_sourcecode-main\server\AdminTool\AdminTool(Japan).exe

Registers:
EAX:01BDBA48
EBX:001AD848
ECX:001AB976
EDX:0000AF04
ESI:001AD0FC
EDI:001AD0FC
CS:EIP:0023:0049F859
SS:ESP:002B:001AB478  EBP:001AB4D4
DS:002B  ES:002B  FS:0053  GS:002B
Flags:00010206

Call stack:
Address   Frame
0049F859  001AB4D4  cITEM::isHighLevelMagicOptionItem+79
004D245D  001AD0F4  CServerTool::OnExportUniqueItem+53D
004FB071  001AD1C0  _AfxDispatchCmdMsg+E1
004FA9A2  001AD26C  CCmdTarget::OnCmdMsg+422
004FD834  001AD2E0  CDialog::OnCmdMsg+34
00547EE6  001AD374  CWnd::OnCommand+1F6
0054A029  001AD848  CWnd::OnWndMsg+C9
0054F5AD  001AD888  CWnd::WindowProc+6D
0053F8C7  001AD944  AfxCallWndProc+167
00540975  001AD968  AfxWndProc+B5
75659773  001AD994  Ordinal2713+7A3
7564892D  001ADA90  MsgWaitForMultipleObjectsEx+7CD
75649A8C  001ADB00  GetWindowLongW+104C
75660E08  001ADB24  SetWindowsHookExAW+2F8
756480F6  001ADB44  SendMessageW+46
75687ABA  001ADB68  LoadCursorFromFileW+1F2A
7568777B  001ADB98  LoadCursorFromFileW+1BEB
75686BE1  001ADC34  LoadCursorFromFileW+1051
75686072  001ADC60  LoadCursorFromFileW+4E2
75659773  001ADC8C  Ordinal2713+7A3
7564892D  001ADD88  MsgWaitForMultipleObjectsEx+7CD
756478FA  001ADE08  DispatchMessageW+4AA
7564D261  001ADE60  IsDialogMessageW+8A1
7569795C  001ADE90  IsDialogMessage+13C
0053CE74  001ADEB8  CWnd::IsDialogMessageA+B4
0054C89D  001ADECC  CWnd::PreTranslateInput+7D
00559589  001ADEF0  CPropertySheet::PreTranslateMessage+1B9
0054F24E  001ADF14  CWnd::WalkPreTranslateTree+CE
00500586  001ADF40  AfxInternalPreTranslateMessage+66
00501B2A  001ADF50  CWinThread::PreTranslateMessage+2A
005008AA  001ADF70  AfxPreTranslateMessage+5A
00500771  001ADFA4  AfxInternalPumpMessage+121
00501DD3  001ADFB0  CWinThread::PumpMessage+13
005009B9  001ADFC8  AfxPumpMessage+49
0054DB19  001AE008  CWnd::RunModalLoop+269
004FCD11  001AE020  CWnd::CreateRunDlgIndirect+71
004FCF7A  001AE0B4  CDialog::DoModal+21A
0043A2CD  001AFE78  CAdminToolApp::InitInstance+79D
0061BD61  001AFED0  AfxWinMain+D1
0057B948  001AFEE8  WinMain+18
004E2A0D  001AFF08  invoke_main+2D
004E2917  001AFF64  __scrt_common_main_seh+157
004E27BD  001AFF6C  __scrt_common_main+D
004E2A78  001AFF74  WinMainCRTStartup+8
76425D49  001AFF84  BaseThreadInitThunk+19
7779D83B  001AFFDC  RtlInitializeExceptionChain+6B
7779D7C1  001AFFEC  RtlGetAppContainerNamedObjectPath+231

//=====================================================
Exception code: C0000005 ACCESS_VIOLATION
Fault address:  0049EDD0 01:0009DDD0 C:\Users\seima\Desktop\rs_emu_sourcecode-main\server\AdminTool\AdminTool(Japan).exe

Registers:
EAX:01D05748
EBX:001AC158
ECX:0763F008
EDX:0000CCCC
ESI:185050F7
EDI:001AB9E8
CS:EIP:0023:0049EDD0
SS:ESP:002B:001AB45C  EBP:001AB4B8
DS:002B  ES:002B  FS:0053  GS:002B
Flags:00010206

Call stack:
Address   Frame
0049EDD0  001AB4B8  cITEM::getNounPrefixCount+90
0049E7C5  001AB888  cITEM::getName+3B5
004B688A  001AB974  cItemPackList::updateItemList+8A
004B49CE  001AB9E0  cItemPackList::OnItemchangedPackList+1BE
004FB20E  001ABAB4  _AfxDispatchCmdMsg+27E
004FA9A2  001ABB60  CCmdTarget::OnCmdMsg+422
004FD834  001ABBD4  CDialog::OnCmdMsg+34
00549512  001ABC20  CWnd::OnNotify+132
005588E0  001ABC80  CPropertyPage::OnNotify+50
0054A195  001AC158  CWnd::OnWndMsg+235
0054F5AD  001AC198  CWnd::WindowProc+6D
0053F8C7  001AC254  AfxCallWndProc+167
00540975  001AC278  AfxWndProc+B5
75489773  001AC2A4  Ordinal2713+7A3
7547892D  001AC3A0  MsgWaitForMultipleObjectsEx+7CD
75479A8C  001AC410  GetWindowLongW+104C
75490E08  001AC434  SetWindowsHookExAW+2F8
754780F6  001AC454  SendMessageW+46
7307FD2D  001AC4F4  Ordinal342+93D
73095BC3  001AC530  TrackMouseEvent+12E93
7309DE31  001AC5A0  TrackMouseEvent+1B101
7309E553  001AC5F0  TrackMouseEvent+1B823
73099069  001AC788  TrackMouseEvent+16339
75489773  001AC7B4  Ordinal2713+7A3
7547892D  001AC8B0  MsgWaitForMultipleObjectsEx+7CD
754BA993  001AC8FC  SetMenu+143
754BB4AB  001AC914  CallWindowProcA+1B
005438EB  001AC944  CWnd::DefWindowProcA+4B
0054F5F2  001AC980  CWnd::WindowProc+B2
0053F8C7  001ACA3C  AfxCallWndProc+167
00540975  001ACA60  AfxWndProc+B5
75489773  001ACA8C  Ordinal2713+7A3
7547892D  001ACB88  MsgWaitForMultipleObjectsEx+7CD
75479A8C  001ACBF8  GetWindowLongW+104C
75490E08  001ACC1C  SetWindowsHookExAW+2F8
755055ED  001ACC38  SendMessageA+3D
004DEBC7  001ACCDC  cListView::selectItem+37
004B6BB4  001ACD40  cItemPackList::updateList+144
004B5B7B  001AD0F4  cItemPackList::OnLoadFromFile+1DB
004FB071  001AD1C0  _AfxDispatchCmdMsg+E1
004FA9A2  001AD26C  CCmdTarget::OnCmdMsg+422
004FD834  001AD2E0  CDialog::OnCmdMsg+34
00547EE6  001AD374  CWnd::OnCommand+1F6
0054A029  001AD848  CWnd::OnWndMsg+C9
0054F5AD  001AD888  CWnd::WindowProc+6D
0053F8C7  001AD944  AfxCallWndProc+167
00540975  001AD968  AfxWndProc+B5
75489773  001AD994  Ordinal2713+7A3
7547892D  001ADA90  MsgWaitForMultipleObjectsEx+7CD
75479A8C  001ADB00  GetWindowLongW+104C
75490E08  001ADB24  SetWindowsHookExAW+2F8
754780F6  001ADB44  SendMessageW+46
754B7ABA  001ADB68  LoadCursorFromFileW+1F2A
754B777B  001ADB98  LoadCursorFromFileW+1BEB
754B6BE1  001ADC34  LoadCursorFromFileW+1051
754B6072  001ADC60  LoadCursorFromFileW+4E2
75489773  001ADC8C  Ordinal2713+7A3
7547892D  001ADD88  MsgWaitForMultipleObjectsEx+7CD
754778FA  001ADE08  DispatchMessageW+4AA
7547D261  001ADE60  IsDialogMessageW+8A1
754C795C  001ADE90  IsDialogMessage+13C
0053CE74  001ADEB8  CWnd::IsDialogMessageA+B4
0054C89D  001ADECC  CWnd::PreTranslateInput+7D
00559589  001ADEF0  CPropertySheet::PreTranslateMessage+1B9
0054F24E  001ADF14  CWnd::WalkPreTranslateTree+CE
00500586  001ADF40  AfxInternalPreTranslateMessage+66
00501B2A  001ADF50  CWinThread::PreTranslateMessage+2A
005008AA  001ADF70  AfxPreTranslateMessage+5A
00500771  001ADFA4  AfxInternalPumpMessage+121
00501DD3  001ADFB0  CWinThread::PumpMessage+13
005009B9  001ADFC8  AfxPumpMessage+49
0054DB19  001AE008  CWnd::RunModalLoop+269
004FCD11  001AE020  CWnd::CreateRunDlgIndirect+71
004FCF7A  001AE0B4  CDialog::DoModal+21A
0043A2CD  001AFE78  CAdminToolApp::InitInstance+79D
0061BD61  001AFED0  AfxWinMain+D1
0057B948  001AFEE8  WinMain+18
004E2A0D  001AFF08  invoke_main+2D
004E2917  001AFF64  __scrt_common_main_seh+157
004E27BD  001AFF6C  __scrt_common_main+D
004E2A78  001AFF74  WinMainCRTStartup+8
74C95D49  001AFF84  BaseThreadInitThunk+19
76F5D83B  001AFFDC  RtlInitializeExceptionChain+6B
76F5D7C1  001AFFEC  RtlGetAppContainerNamedObjectPath+231

